{"_e":"root:init","_t":1790586695602,"format":"v0-jsonl","version":"57.0.27"}
{"_e":"env:mode","_t":1790586695620,"nodeEnv":"development","babelEnv":"development","mode":"development"}
{"_e":"env:load","_t":1790586695636,"mode":"development","files":[],"env":{}}
{"_e":"devserver:start","_t":1790586705483,"mode":"development","web":true,"baseUrl":"","asyncRoutes":false,"routerRoot":"../..\\..\\src\\app","serverComponents":false,"serverActions":false,"serverRendering":true,"apiRoutes":false,"exporting":false}
{"_e":"metro:config","_t":1790586715248,"serverRoot":"../..\\..","projectRoot":"../..\\..","exporting":false,"flags":{"autolinkingModuleResolution":false,"serverActions":false,"serverComponents":false,"reactCompiler":true,"optimizeGraph":false,"treeshaking":false,"logbox":false}}
{"_e":"expo:dev-tools-plugin:load","_t":1790586720828,"plugins":[]}
{"_e":"metro:instantiate","_t":1790586737619,"atlas":false,"workers":4,"host":"::","port":8081}
{"_e":"metro:bundling:started","_t":1790586758809,"id":"3","platform":"android","environment":null,"entry":"node_modules\\expo-router\\entry.js"}
{"_e":"metro:bundling:progress","_t":1790586758812,"id":"3","progress":0,"total":1,"current":0}
{"_e":"metro:bundling:progress","_t":1790586758822,"id":"3","progress":0,"total":1,"current":0}
{"_e":"metro:bundling:progress","_t":1790586768376,"id":"3","progress":0.010000000000000002,"total":1,"current":1}
{"_e":"metro:bundling:progress","_t":1790586768476,"id":"3","progress":0.04000000000000001,"total":3,"current":2}
{"_e":"metro:bundling:progress","_t":1790586768576,"id":"3","progress":0.16000000000000003,"total":10,"current":4}
{"_e":"metro:bundling:progress","_t":1790586768676,"id":"3","progress":0.16000000000000003,"total":20,"current":6}
{"_e":"metro:bundling:progress","_t":1790586768786,"id":"3","progress":0.16000000000000003,"total":28,"current":10}
{"_e":"metro:bundling:progress","_t":1790586768886,"id":"3","progress":0.16000000000000003,"total":33,"current":12}
{"_e":"metro:bundling:progress","_t":1790586769007,"id":"3","progress":0.1695501730103806,"total":34,"current":14}
{"_e":"metro:bundling:progress","_t":1790586769109,"id":"3","progress":0.1695501730103806,"total":41,"current":16}
{"_e":"metro:bundling:progress","_t":1790586769210,"id":"3","progress":0.17192147531231408,"total":41,"current":17}
{"_e":"metro:bundling:progress","_t":1790586769320,"id":"3","progress":0.17192147531231408,"total":72,"current":22}
{"_e":"metro:bundling:progress","_t":1790586769478,"id":"3","progress":0.17192147531231408,"total":172,"current":25}
{"_e":"metro:bundling:progress","_t":1790586769619,"id":"3","progress":0.17192147531231408,"total":172,"current":26}
{"_e":"metro:bundling:progress","_t":1790586769721,"id":"3","progress":0.17192147531231408,"total":195,"current":30}
{"_e":"metro:bundling:progress","_t":1790586769826,"id":"3","progress":0.17192147531231408,"total":196,"current":33}
{"_e":"metro:bundling:progress","_t":1790586769930,"id":"3","progress":0.17192147531231408,"total":217,"current":43}
{"_e":"metro:bundling:progress","_t":1790586770031,"id":"3","progress":0.17192147531231408,"total":228,"current":54}
{"_e":"metro:bundling:progress","_t":1790586770132,"id":"3","progress":0.17192147531231408,"total":232,"current":67}
{"_e":"metro:bundling:progress","_t":1790586770237,"id":"3","progress":0.17192147531231408,"total":232,"current":72}
{"_e":"metro:bundling:progress","_t":1790586770566,"id":"3","progress":0.17192147531231408,"total":232,"current":73}
{"_e":"metro:bundling:progress","_t":1790586770669,"id":"3","progress":0.17192147531231408,"total":235,"current":78}
{"_e":"metro:bundling:progress","_t":1790586770776,"id":"3","progress":0.17192147531231408,"total":246,"current":81}
{"_e":"metro:bundling:progress","_t":1790586770877,"id":"3","progress":0.17192147531231408,"total":255,"current":89}
{"_e":"metro:bundling:progress","_t":1790586770979,"id":"3","progress":0.17192147531231408,"total":263,"current":95}
{"_e":"metro:bundling:progress","_t":1790586771078,"id":"3","progress":0.17192147531231408,"total":276,"current":100}
{"_e":"metro:bundling:progress","_t":1790586771178,"id":"3","progress":0.17192147531231408,"total":289,"current":113}
{"_e":"metro:bundling:progress","_t":1790586771306,"id":"3","progress":0.17192147531231408,"total":296,"current":119}
{"_e":"metro:bundling:progress","_t":1790586771344,"id":"3","progress":0.17192147531231408,"total":296,"current":120}
{"_e":"metro:bundling:progress","_t":1790586771445,"id":"3","progress":0.18564737750850385,"total":311,"current":134}
{"_e":"metro:bundling:progress","_t":1790586771557,"id":"3","progress":0.194150390625,"total":320,"current":141}
{"_e":"metro:bundling:progress","_t":1790586771675,"id":"3","progress":0.21387152918684452,"total":333,"current":154}
{"_e":"metro:bundling:progress","_t":1790586771777,"id":"3","progress":0.2529154272579773,"total":344,"current":173}
{"_e":"metro:bundling:progress","_t":1790586771877,"id":"3","progress":0.2529154272579773,"total":389,"current":187}
{"_e":"metro:bundling:progress","_t":1790586771978,"id":"3","progress":0.2529154272579773,"total":398,"current":198}
{"_e":"metro:bundling:progress","_t":1790586772079,"id":"3","progress":0.2529154272579773,"total":428,"current":206}
{"_e":"metro:bundling:progress","_t":1790586772179,"id":"3","progress":0.2529154272579773,"total":446,"current":221}
{"_e":"metro:bundling:progress","_t":1790586772285,"id":"3","progress":0.2588881988783015,"total":454,"current":231}
{"_e":"metro:bundling:progress","_t":1790586772406,"id":"3","progress":0.2667552227991789,"total":455,"current":235}
{"_e":"metro:bundling:progress","_t":1790586772512,"id":"3","progress":0.27810044577661375,"total":457,"current":241}
{"_e":"metro:bundling:progress","_t":1790586772614,"id":"3","progress":0.284292192636951,"total":467,"current":249}
{"_e":"metro:bundling:progress","_t":1790586772714,"id":"3","progress":0.2993524926095135,"total":488,"current":267}
{"_e":"metro:bundling:progress","_t":1790586772814,"id":"3","progress":0.31497292794668885,"total":490,"current":275}
{"_e":"metro:bundling:progress","_t":1790586772919,"id":"3","progress":0.31497292794668885,"total":516,"current":287}
{"_e":"metro:bundling:progress","_t":1790586773019,"id":"3","progress":0.31497292794668885,"total":529,"current":296}
{"_e":"metro:bundling:progress","_t":1790586773121,"id":"3","progress":0.31497292794668885,"total":536,"current":298}
{"_e":"metro:bundling:progress","_t":1790586773659,"id":"3","progress":0.31497292794668885,"total":536,"current":299}
{"_e":"metro:bundling:progress","_t":1790586773761,"id":"3","progress":0.32111111111111107,"total":540,"current":306}
{"_e":"metro:bundling:progress","_t":1790586773862,"id":"3","progress":0.33162438295639507,"total":547,"current":315}
{"_e":"metro:bundling:progress","_t":1790586773962,"id":"3","progress":0.33615323675871434,"total":564,"current":327}
{"_e":"metro:bundling:progress","_t":1790586774065,"id":"3","progress":0.3480591707474767,"total":578,"current":341}
{"_e":"metro:bundling:progress","_t":1790586774168,"id":"3","progress":0.3608126408250091,"total":591,"current":355}
{"_e":"metro:bundling:progress","_t":1790586774271,"id":"3","progress":0.3767848053030152,"total":593,"current":364}
{"_e":"metro:bundling:progress","_t":1790586774379,"id":"3","progress":0.39666787314573987,"total":597,"current":376}
{"_e":"metro:bundling:progress","_t":1790586774479,"id":"3","progress":0.39889196675900274,"total":608,"current":384}
{"_e":"metro:bundling:progress","_t":1790586774579,"id":"3","progress":0.40062910990528755,"total":613,"current":388}
{"_e":"metro:bundling:progress","_t":1790586774681,"id":"3","progress":0.42743380501554556,"total":621,"current":406}
{"_e":"metro:bundling:progress","_t":1790586774787,"id":"3","progress":0.431245582491165,"total":635,"current":417}
{"_e":"metro:bundling:progress","_t":1790586774887,"id":"3","progress":0.431245582491165,"total":667,"current":428}
{"_e":"metro:bundling:progress","_t":1790586774987,"id":"3","progress":0.431245582491165,"total":682,"current":440}
{"_e":"metro:bundling:progress","_t":1790586775087,"id":"3","progress":0.431245582491165,"total":686,"current":450}
{"_e":"metro:bundling:progress","_t":1790586775196,"id":"3","progress":0.4399208663057059,"total":686,"current":455}
{"_e":"metro:bundling:progress","_t":1790586775317,"id":"3","progress":0.4476897381193211,"total":686,"current":459}
{"_e":"metro:bundling:progress","_t":1790586775433,"id":"3","progress":0.4476897381193211,"total":692,"current":463}
{"_e":"metro:bundling:progress","_t":1790586775536,"id":"3","progress":0.45606341710237813,"total":693,"current":468}
{"_e":"metro:bundling:progress","_t":1790586775645,"id":"3","progress":0.46845543107242815,"total":694,"current":475}
{"_e":"metro:bundling:progress","_t":1790586775756,"id":"3","progress":0.46845543107242815,"total":701,"current":479}
{"_e":"metro:bundling:progress","_t":1790586775875,"id":"3","progress":0.4731418972836669,"total":708,"current":487}
{"_e":"metro:bundling:progress","_t":1790586775980,"id":"3","progress":0.4780956352570672,"total":713,"current":493}
{"_e":"metro:bundling:progress","_t":1790586776088,"id":"3","progress":0.4937378164286178,"total":713,"current":501}
{"_e":"metro:bundling:progress","_t":1790586776192,"id":"3","progress":0.5107750990268474,"total":715,"current":511}
{"_e":"metro:bundling:progress","_t":1790586776302,"id":"3","progress":0.5311348438276775,"total":719,"current":524}
{"_e":"metro:bundling:progress","_t":1790586776402,"id":"3","progress":0.5323966706302021,"total":725,"current":529}
{"_e":"metro:bundling:progress","_t":1790586776505,"id":"3","progress":0.5349532135783075,"total":726,"current":531}
{"_e":"metro:bundling:progress","_t":1790586776534,"id":"3","progress":0.5369700005312327,"total":726,"current":532}
{"_e":"metro:bundling:progress","_t":1790586776638,"id":"3","progress":0.5369700005312327,"total":738,"current":533}
{"_e":"metro:bundling:progress","_t":1790586776724,"id":"3","progress":0.5369700005312327,"total":738,"current":534}
{"_e":"metro:bundling:progress","_t":1790586777037,"id":"3","progress":0.5369700005312327,"total":738,"current":535}
{"_e":"metro:bundling:progress","_t":1790586777146,"id":"3","progress":0.5393688354227716,"total":738,"current":542}
{"_e":"metro:bundling:progress","_t":1790586777247,"id":"3","progress":0.5539065518447376,"total":739,"current":550}
{"_e":"metro:bundling:progress","_t":1790586777347,"id":"3","progress":0.5680957150521588,"total":739,"current":557}
{"_e":"metro:bundling:progress","_t":1790586777446,"id":"3","progress":0.5834403302973514,"total":741,"current":566}
{"_e":"metro:bundling:progress","_t":1790586777560,"id":"3","progress":0.6009901294993741,"total":743,"current":576}
{"_e":"metro:bundling:progress","_t":1790586777672,"id":"3","progress":0.6084,"total":750,"current":585}
{"_e":"metro:bundling:progress","_t":1790586777782,"id":"3","progress":0.6125671111111111,"total":750,"current":587}
{"_e":"metro:bundling:progress","_t":1790586777900,"id":"3","progress":0.6255946354705044,"total":751,"current":594}
{"_e":"metro:bundling:progress","_t":1790586777995,"id":"3","progress":0.6277027877610146,"total":751,"current":595}
{"_e":"metro:bundling:progress","_t":1790586778097,"id":"3","progress":0.6451165685830693,"total":752,"current":604}
{"_e":"metro:bundling:progress","_t":1790586778203,"id":"3","progress":0.6549203982281478,"total":755,"current":611}
{"_e":"metro:bundling:progress","_t":1790586778302,"id":"3","progress":0.6620235462693147,"total":762,"current":620}
{"_e":"metro:bundling:progress","_t":1790586778415,"id":"3","progress":0.6620235462693147,"total":776,"current":631}
{"_e":"metro:bundling:progress","_t":1790586778516,"id":"3","progress":0.6620235462693147,"total":798,"current":635}
{"_e":"metro:bundling:progress","_t":1790586778617,"id":"3","progress":0.6620235462693147,"total":800,"current":640}
{"_e":"metro:bundling:progress","_t":1790586778722,"id":"3","progress":0.6620235462693147,"total":805,"current":644}
{"_e":"metro:bundling:progress","_t":1790586778822,"id":"3","progress":0.6620235462693147,"total":808,"current":652}
{"_e":"metro:bundling:progress","_t":1790586778927,"id":"3","progress":0.6620235462693147,"total":843,"current":662}
{"_e":"metro:bundling:progress","_t":1790586779028,"id":"3","progress":0.6620235462693147,"total":844,"current":665}
{"_e":"metro:bundling:progress","_t":1790586779202,"id":"3","progress":0.6620235462693147,"total":844,"current":666}
{"_e":"metro:bundling:progress","_t":1790586779327,"id":"3","progress":0.6620235462693147,"total":852,"current":680}
{"_e":"metro:bundling:progress","_t":1790586779427,"id":"3","progress":0.6620235462693147,"total":857,"current":685}
{"_e":"metro:bundling:progress","_t":1790586779528,"id":"3","progress":0.6620235462693147,"total":859,"current":694}
{"_e":"metro:bundling:progress","_t":1790586779628,"id":"3","progress":0.6685578851806439,"total":861,"current":704}
{"_e":"metro:bundling:progress","_t":1790586779767,"id":"3","progress":0.6685578851806439,"total":866,"current":707}
{"_e":"metro:bundling:progress","_t":1790586779866,"id":"3","progress":0.6685578851806439,"total":883,"current":719}
{"_e":"metro:bundling:progress","_t":1790586779974,"id":"3","progress":0.6685578851806439,"total":884,"current":722}
{"_e":"metro:bundling:progress","_t":1790586780076,"id":"3","progress":0.6685578851806439,"total":895,"current":726}
{"_e":"metro:bundling:progress","_t":1790586780176,"id":"3","progress":0.6685578851806439,"total":900,"current":730}
{"_e":"metro:bundling:progress","_t":1790586780280,"id":"3","progress":0.6700798809617042,"total":904,"current":740}
{"_e":"metro:bundling:progress","_t":1790586780380,"id":"3","progress":0.6904599981685541,"total":905,"current":752}
{"_e":"metro:bundling:progress","_t":1790586780480,"id":"3","progress":0.7018222884961185,"total":906,"current":759}
{"_e":"metro:bundling:progress","_t":1790586780583,"id":"3","progress":0.7113908848123561,"total":907,"current":765}
{"_e":"metro:bundling:progress","_t":1790586780689,"id":"3","progress":0.7169813614311815,"total":907,"current":768}
{"_e":"metro:bundling:progress","_t":1790586780807,"id":"3","progress":0.7169813614311815,"total":910,"current":770}
{"_e":"metro:bundling:progress","_t":1790586780916,"id":"3","progress":0.7169813614311815,"total":921,"current":775}
{"_e":"metro:bundling:progress","_t":1790586781010,"id":"3","progress":0.7169813614311815,"total":938,"current":782}
{"_e":"metro:bundling:progress","_t":1790586781142,"id":"3","progress":0.7169813614311815,"total":956,"current":793}
{"_e":"metro:bundling:progress","_t":1790586781244,"id":"3","progress":0.7169813614311815,"total":962,"current":797}
{"_e":"metro:bundling:progress","_t":1790586781343,"id":"3","progress":0.7169813614311815,"total":964,"current":806}
{"_e":"metro:bundling:progress","_t":1790586781447,"id":"3","progress":0.7169813614311815,"total":981,"current":812}
{"_e":"metro:bundling:progress","_t":1790586781544,"id":"3","progress":0.7169813614311815,"total":985,"current":814}
{"_e":"metro:bundling:progress","_t":1790586781650,"id":"3","progress":0.7169813614311815,"total":987,"current":821}
{"_e":"metro:bundling:progress","_t":1790586781751,"id":"3","progress":0.7169813614311815,"total":990,"current":830}
{"_e":"metro:bundling:progress","_t":1790586781866,"id":"3","progress":0.7169813614311815,"total":993,"current":838}
{"_e":"metro:bundling:progress","_t":1790586781966,"id":"3","progress":0.7169813614311815,"total":1016,"current":844}
{"_e":"metro:bundling:progress","_t":1790586782074,"id":"3","progress":0.7169813614311815,"total":1029,"current":855}
{"_e":"metro:bundling:progress","_t":1790586782173,"id":"3","progress":0.7169813614311815,"total":1034,"current":863}
{"_e":"metro:bundling:progress","_t":1790586782277,"id":"3","progress":0.7169813614311815,"total":1046,"current":872}
{"_e":"metro:bundling:progress","_t":1790586782377,"id":"3","progress":0.7169813614311815,"total":1051,"current":876}
{"_e":"metro:bundling:progress","_t":1790586782485,"id":"3","progress":0.7169813614311815,"total":1064,"current":881}
{"_e":"metro:bundling:progress","_t":1790586782622,"id":"3","progress":0.7169813614311815,"total":1064,"current":882}
{"_e":"metro:bundling:progress","_t":1790586782722,"id":"3","progress":0.7169813614311815,"total":1069,"current":889}
{"_e":"metro:bundling:progress","_t":1790586782824,"id":"3","progress":0.7169813614311815,"total":1076,"current":903}
{"_e":"metro:bundling:progress","_t":1790586782925,"id":"3","progress":0.7169813614311815,"total":1113,"current":914}
{"_e":"metro:bundling:progress","_t":1790586783028,"id":"3","progress":0.7169813614311815,"total":1116,"current":927}
{"_e":"metro:bundling:progress","_t":1790586783136,"id":"3","progress":0.7237919085485014,"total":1119,"current":952}
{"_e":"metro:bundling:progress","_t":1790586783236,"id":"3","progress":0.749364401413356,"total":1124,"current":973}
{"_e":"metro:bundling:progress","_t":1790586783347,"id":"3","progress":0.749364401413356,"total":1144,"current":989}
{"_e":"metro:bundling:progress","_t":1790586783448,"id":"3","progress":0.764288247745085,"total":1145,"current":1001}
{"_e":"metro:bundling:progress","_t":1790586783548,"id":"3","progress":0.7728703213610585,"total":1150,"current":1011}
{"_e":"metro:bundling:progress","_t":1790586783650,"id":"3","progress":0.7906366072599839,"total":1155,"current":1027}
{"_e":"metro:bundling:progress","_t":1790586783750,"id":"3","progress":0.8112440005846541,"total":1158,"current":1043}
{"_e":"metro:bundling:progress","_t":1790586783850,"id":"3","progress":0.8112440005846541,"total":1178,"current":1053}
{"_e":"metro:bundling:progress","_t":1790586783951,"id":"3","progress":0.8112440005846541,"total":1189,"current":1070}
{"_e":"metro:bundling:progress","_t":1790586784053,"id":"3","progress":0.8112440005846541,"total":1210,"current":1084}
{"_e":"metro:bundling:progress","_t":1790586784155,"id":"3","progress":0.8112440005846541,"total":1220,"current":1091}
{"_e":"metro:bundling:progress","_t":1790586784255,"id":"3","progress":0.8112440005846541,"total":1239,"current":1094}
{"_e":"metro:bundling:progress","_t":1790586784357,"id":"3","progress":0.8112440005846541,"total":1242,"current":1096}
{"_e":"metro:bundling:progress","_t":1790586784456,"id":"3","progress":0.8112440005846541,"total":1254,"current":1102}
{"_e":"metro:bundling:progress","_t":1790586784557,"id":"3","progress":0.8112440005846541,"total":1256,"current":1107}
{"_e":"metro:bundling:progress","_t":1790586784657,"id":"3","progress":0.8112440005846541,"total":1260,"current":1112}
{"_e":"metro:bundling:progress","_t":1790586784760,"id":"3","progress":0.8112440005846541,"total":1268,"current":1129}
{"_e":"metro:bundling:progress","_t":1790586784859,"id":"3","progress":0.8112440005846541,"total":1283,"current":1136}
{"_e":"metro:bundling:progress","_t":1790586784964,"id":"3","progress":0.8112440005846541,"total":1286,"current":1140}
{"_e":"metro:bundling:progress","_t":1790586785065,"id":"3","progress":0.8112440005846541,"total":1288,"current":1152}
{"_e":"metro:bundling:progress","_t":1790586785166,"id":"3","progress":0.8133419252811096,"total":1294,"current":1167}
{"_e":"metro:bundling:progress","_t":1790586785274,"id":"3","progress":0.8133419252811096,"total":1317,"current":1177}
{"_e":"metro:bundling:progress","_t":1790586785374,"id":"3","progress":0.8133419252811096,"total":1327,"current":1189}
{"_e":"metro:bundling:progress","_t":1790586785474,"id":"3","progress":0.8133419252811096,"total":1333,"current":1199}
{"_e":"metro:bundling:progress","_t":1790586785574,"id":"3","progress":0.8133419252811096,"total":1336,"current":1203}
{"_e":"metro:bundling:progress","_t":1790586785677,"id":"3","progress":0.8133419252811096,"total":1349,"current":1211}
{"_e":"metro:bundling:progress","_t":1790586785778,"id":"3","progress":0.8133419252811096,"total":1355,"current":1221}
{"_e":"metro:bundling:progress","_t":1790586785879,"id":"3","progress":0.8214561524873608,"total":1356,"current":1229}
{"_e":"metro:bundling:progress","_t":1790586785979,"id":"3","progress":0.8252358142468033,"total":1365,"current":1240}
{"_e":"metro:bundling:progress","_t":1790586786083,"id":"3","progress":0.8252358142468033,"total":1388,"current":1247}
{"_e":"metro:bundling:progress","_t":1790586786205,"id":"3","progress":0.8252358142468033,"total":1395,"current":1257}
{"_e":"metro:bundling:progress","_t":1790586786313,"id":"3","progress":0.8252358142468033,"total":1401,"current":1271}
{"_e":"metro:bundling:progress","_t":1790586786412,"id":"3","progress":0.8347254765001648,"total":1401,"current":1280}
{"_e":"metro:bundling:progress","_t":1790586786512,"id":"3","progress":0.8497511427530839,"total":1407,"current":1297}
{"_e":"metro:bundling:progress","_t":1790586786620,"id":"3","progress":0.8595245143042891,"total":1413,"current":1310}
{"_e":"metro:bundling:progress","_t":1790586786723,"id":"3","progress":0.8606630963373346,"total":1425,"current":1322}
{"_e":"metro:bundling:progress","_t":1790586786827,"id":"3","progress":0.8665113643456822,"total":1432,"current":1333}
{"_e":"metro:bundling:progress","_t":1790586786934,"id":"3","progress":0.8665113643456822,"total":1448,"current":1344}
{"_e":"metro:bundling:progress","_t":1790586787034,"id":"3","progress":0.8719695600475623,"total":1450,"current":1354}
{"_e":"metro:bundling:progress","_t":1790586787134,"id":"3","progress":0.8719695600475623,"total":1463,"current":1366}
{"_e":"metro:bundling:progress","_t":1790586787236,"id":"3","progress":0.8794670451683798,"total":1463,"current":1372}
{"_e":"metro:bundling:progress","_t":1790586787353,"id":"3","progress":0.880749534309271,"total":1463,"current":1373}
{"_e":"metro:bundling:progress","_t":1790586787369,"id":"3","progress":0.8820329578684796,"total":1463,"current":1374}
{"_e":"metro:bundling:progress","_t":1790586787474,"id":"3","progress":0.883317315846006,"total":1463,"current":1375}
{"_e":"metro:bundling:progress","_t":1790586787597,"id":"3","progress":0.8858888350560113,"total":1463,"current":1377}
{"_e":"metro:bundling:progress","_t":1790586787703,"id":"3","progress":0.8897531220084013,"total":1463,"current":1380}
{"_e":"metro:bundling:progress","_t":1790586787821,"id":"3","progress":0.8949185864680342,"total":1463,"current":1384}
{"_e":"metro:bundling:progress","_t":1790586787920,"id":"3","progress":0.8976430709734533,"total":1465,"current":1388}
{"_e":"metro:bundling:progress","_t":1790586788071,"id":"3","progress":0.8976430709734533,"total":1472,"current":1394}
{"_e":"metro:bundling:progress","_t":1790586788180,"id":"3","progress":0.9033386197078067,"total":1473,"current":1400}
{"_e":"metro:bundling:progress","_t":1790586788282,"id":"3","progress":0.9050068093265144,"total":1479,"current":1407}
{"_e":"metro:bundling:progress","_t":1790586788383,"id":"3","progress":0.9050068093265144,"total":1512,"current":1415}
{"_e":"metro:bundling:progress","_t":1790586788484,"id":"3","progress":0.9050068093265144,"total":1521,"current":1425}
{"_e":"metro:bundling:progress","_t":1790586788588,"id":"3","progress":0.9050068093265144,"total":1526,"current":1438}
{"_e":"metro:bundling:progress","_t":1790586788688,"id":"3","progress":0.9050068093265144,"total":1527,"current":1440}
{"_e":"metro:bundling:progress","_t":1790586788836,"id":"3","progress":0.9050068093265144,"total":1527,"current":1441}
{"_e":"metro:bundling:progress","_t":1790586788940,"id":"3","progress":0.9050068093265144,"total":1527,"current":1442}
{"_e":"metro:bundling:progress","_t":1790586789043,"id":"3","progress":0.9050068093265144,"total":1528,"current":1449}
{"_e":"metro:bundling:progress","_t":1790586789144,"id":"3","progress":0.9050068093265144,"total":1544,"current":1462}
{"_e":"metro:bundling:progress","_t":1790586789245,"id":"3","progress":0.9050068093265144,"total":1545,"current":1469}
{"_e":"metro:bundling:progress","_t":1790586789350,"id":"3","progress":0.9050068093265144,"total":1605,"current":1476}
{"_e":"metro:bundling:progress","_t":1790586789454,"id":"3","progress":0.9050068093265144,"total":1605,"current":1489}
{"_e":"metro:bundling:progress","_t":1790586789552,"id":"3","progress":0.9050068093265144,"total":1610,"current":1502}
{"_e":"metro:bundling:progress","_t":1790586789660,"id":"3","progress":0.9050068093265144,"total":1613,"current":1515}
{"_e":"metro:bundling:progress","_t":1790586789770,"id":"3","progress":0.9050068093265144,"total":1639,"current":1531}
{"_e":"metro:bundling:progress","_t":1790586789875,"id":"3","progress":0.9050068093265144,"total":1652,"current":1545}
{"_e":"metro:bundling:progress","_t":1790586789981,"id":"3","progress":0.9050068093265144,"total":1656,"current":1554}
{"_e":"metro:bundling:progress","_t":1790586790082,"id":"3","progress":0.9050068093265144,"total":1664,"current":1572}
{"_e":"metro:bundling:progress","_t":1790586790183,"id":"3","progress":0.909699173787162,"total":1666,"current":1589}
{"_e":"metro:bundling:progress","_t":1790586790285,"id":"3","progress":0.9249981086802299,"total":1674,"current":1610}
{"_e":"metro:bundling:progress","_t":1790586790386,"id":"3","progress":0.9269182888184698,"total":1692,"current":1629}
{"_e":"metro:bundling:progress","_t":1790586790488,"id":"3","progress":0.9364878138156009,"total":1704,"current":1649}
{"_e":"metro:bundling:progress","_t":1790586790588,"id":"3","progress":0.9482401339918822,"total":1716,"current":1671}
{"_e":"metro:bundling:progress","_t":1790586790698,"id":"3","progress":0.9520344816064685,"total":1730,"current":1688}
{"_e":"metro:bundling:progress","_t":1790586790798,"id":"3","progress":0.9520344816064685,"total":1752,"current":1705}
{"_e":"metro:bundling:progress","_t":1790586790898,"id":"3","progress":0.9573083410805319,"total":1761,"current":1723}
{"_e":"metro:bundling:progress","_t":1790586791004,"id":"3","progress":0.9685059208868732,"total":1764,"current":1736}
{"_e":"metro:bundling:progress","_t":1790586791104,"id":"3","progress":0.9887197743698942,"total":1768,"current":1758}
{"_e":"metro:bundling:progress","_t":1790586791227,"id":"3","progress":0.999,"total":1769,"current":1769}
{"_e":"metro:bundling:done","_t":1790586791784,"id":"3","total":1769,"ms":32973.1194}
{"_e":"metro:bundling:started","_t":1790587197936,"id":"8","platform":"android","environment":null,"entry":"node_modules\\expo-router\\entry.js"}
{"_e":"metro:bundling:progress","_t":1790587197937,"id":"8","progress":0,"total":1,"current":0}
{"_e":"metro:bundling:progress","_t":1790587197978,"id":"8","progress":0,"total":1,"current":0}
{"_e":"metro:bundling:progress","_t":1790587198384,"id":"8","progress":0,"total":1,"current":0}
{"_e":"metro:bundling:done","_t":1790587198504,"id":"8","total":1,"ms":568.2276}
